.\.venv\Scripts\pyinstaller.exe : 138 INFO: PyInstaller: 6.18.0, contrib 
hooks: 2026.0
At line:1 char:1
+ .\.venv\Scripts\pyinstaller.exe bREadbeats.spec --clean 2>&1 | Tee-Ob ...
+ ~~~~~~~~~~~~~~~~~~~~~~~~~~~~~~~~~~~~~~~~~~~~~~~~~~~~~~~~~~~~
    + CategoryInfo          : NotSpecified: (138 INFO: PyIns...b hooks: 2026.0 
   :String) [], RemoteException
    + FullyQualifiedErrorId : NativeCommandError
 
138 INFO: Python: 3.11.9
165 INFO: Platform: Windows-10-10.0.19045-SP0
165 INFO: Python environment: 
C:\Users\andre\Documents\vscodeworkspace\bREadbeats-master\.venv
168 INFO: Removing temporary files and cleaning cache in 
C:\Users\andre\AppData\Local\pyinstaller
402 WARNING: Failed to collect submodules for 'matplotlib.tests' because 
importing 'matplotlib.tests' raised: OSError: The baseline image directory 
does not exist. This is most likely because the test data is not installed. 
You may need to install matplotlib from source to get the test data.
3889 INFO: Module search paths (PYTHONPATH):
['C:\\Users\\andre\\Documents\\vscodeworkspace\\bREadbeats-master\\.venv\\Scrip
ts\\pyinstaller.exe',
 'C:\\Users\\andre\\AppData\\Local\\Python\\pythoncore-3.11-64\\python311.zip',
 'C:\\Users\\andre\\AppData\\Local\\Python\\pythoncore-3.11-64\\DLLs',
 'C:\\Users\\andre\\AppData\\Local\\Python\\pythoncore-3.11-64\\Lib',
 'C:\\Users\\andre\\AppData\\Local\\Python\\pythoncore-3.11-64',
 'C:\\Users\\andre\\Documents\\vscodeworkspace\\bREadbeats-master\\.venv',
 'C:\\Users\\andre\\Documents\\vscodeworkspace\\bREadbeats-master\\.venv\\Lib\\
site-packages',
 'C:\\Users\\andre\\Documents\\vscodeworkspace\\bREadbeats-master']
4335 INFO: Appending 'binaries' from .spec
4362 INFO: Appending 'datas' from .spec
4817 INFO: checking Analysis
4817 INFO: Building Analysis because Analysis-00.toc is non existent
4817 INFO: Looking for Python shared library...
4817 INFO: Using Python shared library: 
C:\Users\andre\AppData\Local\Python\pythoncore-3.11-64\python311.dll
4818 INFO: Running Analysis Analysis-00.toc
4818 INFO: Target bytecode optimization level: 0
4818 INFO: Initializing module dependency graph...
4819 INFO: Initializing module graph hook caches...
4840 INFO: Analyzing modules for base_library.zip ...
6095 INFO: Processing standard module hook 'hook-heapq.py' from 'C:\\Users\\and
re\\Documents\\vscodeworkspace\\bREadbeats-master\\.venv\\Lib\\site-packages\\P
yInstaller\\hooks'
6169 INFO: Processing standard module hook 'hook-encodings.py' from 'C:\\Users\
\andre\\Documents\\vscodeworkspace\\bREadbeats-master\\.venv\\Lib\\site-package
s\\PyInstaller\\hooks'
7840 INFO: Processing standard module hook 'hook-pickle.py' from 'C:\\Users\\an
dre\\Documents\\vscodeworkspace\\bREadbeats-master\\.venv\\Lib\\site-packages\\
PyInstaller\\hooks'
9010 INFO: Caching module dependency graph...
9049 INFO: Analyzing 
C:\Users\andre\Documents\vscodeworkspace\bREadbeats-master\main.py
9222 INFO: Processing standard module hook 'hook-numpy.py' from 'C:\\Users\\and
re\\Documents\\vscodeworkspace\\bREadbeats-master\\.venv\\Lib\\site-packages\\P
yInstaller\\hooks'
9729 INFO: Processing standard module hook 'hook-difflib.py' from 'C:\\Users\\a
ndre\\Documents\\vscodeworkspace\\bREadbeats-master\\.venv\\Lib\\site-packages\
\PyInstaller\\hooks'
9930 INFO: Processing standard module hook 'hook-multiprocessing.util.py' from 
'C:\\Users\\andre\\Documents\\vscodeworkspace\\bREadbeats-master\\.venv\\Lib\\s
ite-packages\\PyInstaller\\hooks'
10059 INFO: Processing standard module hook 'hook-xml.py' from 'C:\\Users\\andr
e\\Documents\\vscodeworkspace\\bREadbeats-master\\.venv\\Lib\\site-packages\\Py
Installer\\hooks'
10283 INFO: Processing standard module hook 'hook-_ctypes.py' from 'C:\\Users\\
andre\\Documents\\vscodeworkspace\\bREadbeats-master\\.venv\\Lib\\site-packages
\\PyInstaller\\hooks'
10913 INFO: Processing standard module hook 'hook-sysconfig.py' from 'C:\\Users
\\andre\\Documents\\vscodeworkspace\\bREadbeats-master\\.venv\\Lib\\site-packag
es\\PyInstaller\\hooks'
10982 INFO: Processing standard module hook 'hook-platform.py' from 'C:\\Users\
\andre\\Documents\\vscodeworkspace\\bREadbeats-master\\.venv\\Lib\\site-package
s\\PyInstaller\\hooks'
11923 INFO: Processing pre-safe-import-module hook 'hook-typing_extensions.py' 
from 'C:\\Users\\andre\\Documents\\vscodeworkspace\\bREadbeats-master\\.venv\\L
ib\\site-packages\\PyInstaller\\hooks\\pre_safe_import_module'
11924 INFO: SetuptoolsInfo: initializing cached setuptools info...
12998 INFO: Processing standard module hook 'hook-PyQt6.py' from 'C:\\Users\\an
dre\\Documents\\vscodeworkspace\\bREadbeats-master\\.venv\\Lib\\site-packages\\
PyInstaller\\hooks'
13680 INFO: Processing standard module hook 'hook-PyQt6.QtWidgets.py' from 'C:\
\Users\\andre\\Documents\\vscodeworkspace\\bREadbeats-master\\.venv\\Lib\\site-
packages\\PyInstaller\\hooks'
16095 INFO: Processing standard module hook 'hook-PyQt6.QtCore.py' from 'C:\\Us
ers\\andre\\Documents\\vscodeworkspace\\bREadbeats-master\\.venv\\Lib\\site-pac
kages\\PyInstaller\\hooks'
18842 INFO: Processing standard module hook 'hook-PyQt6.QtGui.py' from 'C:\\Use
rs\\andre\\Documents\\vscodeworkspace\\bREadbeats-master\\.venv\\Lib\\site-pack
ages\\PyInstaller\\hooks'
29788 INFO: Processing standard module hook 'hook-pyqtgraph.py' from 'C:\\Users
\\andre\\Documents\\vscodeworkspace\\bREadbeats-master\\.venv\\Lib\\site-packag
es\\_pyinstaller_hooks_contrib\\stdhooks'
337 WARNING: Failed to collect submodules for 'pyqtgraph.opengl' because 
importing 'pyqtgraph.opengl' raised: ModuleNotFoundError: No module named 
'OpenGL'
30797 INFO: hook-pyqtgraph: selected 'PyQt6' as Qt bindings because hook for 
'PyQt6' has been run before.
30878 INFO: Processing standard module hook 'hook-xml.etree.cElementTree.py' 
from 'C:\\Users\\andre\\Documents\\vscodeworkspace\\bREadbeats-master\\.venv\\L
ib\\site-packages\\PyInstaller\\hooks'
30882 INFO: Processing standard module hook 'hook-PyQt6.uic.py' from 'C:\\Users
\\andre\\Documents\\vscodeworkspace\\bREadbeats-master\\.venv\\Lib\\site-packag
es\\PyInstaller\\hooks'
31248 INFO: Processing standard module hook 'hook-PyQt6.QtSvg.py' from 'C:\\Use
rs\\andre\\Documents\\vscodeworkspace\\bREadbeats-master\\.venv\\Lib\\site-pack
ages\\PyInstaller\\hooks'
31674 INFO: Processing standard module hook 'hook-PyQt6.QtOpenGLWidgets.py' 
from 'C:\\Users\\andre\\Documents\\vscodeworkspace\\bREadbeats-master\\.venv\\L
ib\\site-packages\\PyInstaller\\hooks'
32282 INFO: Processing standard module hook 'hook-PyQt6.QtOpenGL.py' from 'C:\\
Users\\andre\\Documents\\vscodeworkspace\\bREadbeats-master\\.venv\\Lib\\site-p
ackages\\PyInstaller\\hooks'
32867 INFO: Processing standard module hook 'hook-PyQt6.QtTest.py' from 'C:\\Us
ers\\andre\\Documents\\vscodeworkspace\\bREadbeats-master\\.venv\\Lib\\site-pac
kages\\PyInstaller\\hooks'
33588 INFO: Processing standard module hook 'hook-scipy.py' from 'C:\\Users\\an
dre\\Documents\\vscodeworkspace\\bREadbeats-master\\.venv\\Lib\\site-packages\\
PyInstaller\\hooks'
34349 INFO: Processing standard module hook 'hook-pycparser.py' from 'C:\\Users
\\andre\\Documents\\vscodeworkspace\\bREadbeats-master\\.venv\\Lib\\site-packag
es\\_pyinstaller_hooks_contrib\\stdhooks'
34468 INFO: Processing standard module hook 'hook-setuptools.py' from 'C:\\User
s\\andre\\Documents\\vscodeworkspace\\bREadbeats-master\\.venv\\Lib\\site-packa
ges\\PyInstaller\\hooks'
34474 INFO: Processing pre-safe-import-module hook 'hook-distutils.py' from 'C:
\\Users\\andre\\Documents\\vscodeworkspace\\bREadbeats-master\\.venv\\Lib\\site
-packages\\PyInstaller\\hooks\\pre_safe_import_module'
34474 INFO: Processing pre-find-module-path hook 'hook-distutils.py' from 'C:\\
Users\\andre\\Documents\\vscodeworkspace\\bREadbeats-master\\.venv\\Lib\\site-p
ackages\\PyInstaller\\hooks\\pre_find_module_path'
35101 INFO: Processing standard module hook 'hook-distutils.py' from 'C:\\Users
\\andre\\Documents\\vscodeworkspace\\bREadbeats-master\\.venv\\Lib\\site-packag
es\\PyInstaller\\hooks'
35149 INFO: Processing standard module hook 'hook-distutils.util.py' from 'C:\\
Users\\andre\\Documents\\vscodeworkspace\\bREadbeats-master\\.venv\\Lib\\site-p
ackages\\PyInstaller\\hooks'
35178 INFO: Processing standard module hook 'hook-_osx_support.py' from 'C:\\Us
ers\\andre\\Documents\\vscodeworkspace\\bREadbeats-master\\.venv\\Lib\\site-pac
kages\\PyInstaller\\hooks'
35378 INFO: Processing standard module hook 'hook-pkg_resources.py' from 'C:\\U
sers\\andre\\Documents\\vscodeworkspace\\bREadbeats-master\\.venv\\Lib\\site-pa
ckages\\PyInstaller\\hooks'
36510 INFO: Processing pre-safe-import-module hook 
'hook-importlib_metadata.py' from 'C:\\Users\\andre\\Documents\\vscodeworkspace
\\bREadbeats-master\\.venv\\Lib\\site-packages\\PyInstaller\\hooks\\pre_safe_im
port_module'
36587 INFO: Processing pre-safe-import-module hook 'hook-packaging.py' from 'C:
\\Users\\andre\\Documents\\vscodeworkspace\\bREadbeats-master\\.venv\\Lib\\site
-packages\\PyInstaller\\hooks\\pre_safe_import_module'
37647 INFO: Processing standard module hook 'hook-scipy.special._ufuncs.py' 
from 'C:\\Users\\andre\\Documents\\vscodeworkspace\\bREadbeats-master\\.venv\\L
ib\\site-packages\\PyInstaller\\hooks'
37813 INFO: Processing standard module hook 'hook-scipy.linalg.py' from 'C:\\Us
ers\\andre\\Documents\\vscodeworkspace\\bREadbeats-master\\.venv\\Lib\\site-pac
kages\\PyInstaller\\hooks'
39687 INFO: Processing standard module hook 'hook-scipy.spatial._ckdtree.py' 
from 'C:\\Users\\andre\\Documents\\vscodeworkspace\\bREadbeats-master\\.venv\\L
ib\\site-packages\\PyInstaller\\hooks'
39731 INFO: Processing standard module hook 'hook-matplotlib.py' from 'C:\\User
s\\andre\\Documents\\vscodeworkspace\\bREadbeats-master\\.venv\\Lib\\site-packa
ges\\PyInstaller\\hooks'
40155 INFO: Processing pre-safe-import-module hook 'hook-gi.py' from 'C:\\Users
\\andre\\Documents\\vscodeworkspace\\bREadbeats-master\\.venv\\Lib\\site-packag
es\\PyInstaller\\hooks\\pre_safe_import_module'
40479 INFO: Processing standard module hook 'hook-matplotlib.backend_bases.py' 
from 'C:\\Users\\andre\\Documents\\vscodeworkspace\\bREadbeats-master\\.venv\\L
ib\\site-packages\\PyInstaller\\hooks'
40585 INFO: Processing standard module hook 'hook-PIL.py' from 'C:\\Users\\andr
e\\Documents\\vscodeworkspace\\bREadbeats-master\\.venv\\Lib\\site-packages\\Py
Installer\\hooks'
40735 INFO: Processing standard module hook 'hook-PIL.Image.py' from 'C:\\Users
\\andre\\Documents\\vscodeworkspace\\bREadbeats-master\\.venv\\Lib\\site-packag
es\\PyInstaller\\hooks'
41234 INFO: Processing standard module hook 'hook-PIL.ImageFilter.py' from 'C:\
\Users\\andre\\Documents\\vscodeworkspace\\bREadbeats-master\\.venv\\Lib\\site-
packages\\PyInstaller\\hooks'
42024 INFO: Processing standard module hook 'hook-matplotlib.backends.py' from 
'C:\\Users\\andre\\Documents\\vscodeworkspace\\bREadbeats-master\\.venv\\Lib\\s
ite-packages\\PyInstaller\\hooks'
42091 INFO: Processing standard module hook 'hook-matplotlib.pyplot.py' from 'C
:\\Users\\andre\\Documents\\vscodeworkspace\\bREadbeats-master\\.venv\\Lib\\sit
e-packages\\PyInstaller\\hooks'
43020 INFO: Processing standard module hook 'hook-dateutil.py' from 'C:\\Users\
\andre\\Documents\\vscodeworkspace\\bREadbeats-master\\.venv\\Lib\\site-package
s\\_pyinstaller_hooks_contrib\\stdhooks'
43096 INFO: Processing pre-safe-import-module hook 'hook-six.moves.py' from 'C:
\\Users\\andre\\Documents\\vscodeworkspace\\bREadbeats-master\\.venv\\Lib\\site
-packages\\PyInstaller\\hooks\\pre_safe_import_module'
45410 INFO: Processing standard module hook 
'hook-scipy.spatial.transform.rotation.py' from 'C:\\Users\\andre\\Documents\\v
scodeworkspace\\bREadbeats-master\\.venv\\Lib\\site-packages\\PyInstaller\\hook
s'
46551 INFO: Processing standard module hook 'hook-scipy.stats._stats.py' from '
C:\\Users\\andre\\Documents\\vscodeworkspace\\bREadbeats-master\\.venv\\Lib\\si
te-packages\\PyInstaller\\hooks'
47019 INFO: Processing standard module hook 'hook-scipy.sparse.csgraph.py' 
from 'C:\\Users\\andre\\Documents\\vscodeworkspace\\bREadbeats-master\\.venv\\L
ib\\site-packages\\PyInstaller\\hooks'
47733 INFO: Processing standard module hook 
'hook-scipy.special._ellip_harm_2.py' from 'C:\\Users\\andre\\Documents\\vscode
workspace\\bREadbeats-master\\.venv\\Lib\\site-packages\\PyInstaller\\hooks'
48132 INFO: Processing standard module hook 
'hook-matplotlib.backends.backend_qtagg.py' from 'C:\\Users\\andre\\Documents\\
vscodeworkspace\\bREadbeats-master\\.venv\\Lib\\site-packages\\PyInstaller\\hoo
ks'
48136 INFO: Processing standard module hook 
'hook-matplotlib.backends.qt_compat.py' from 'C:\\Users\\andre\\Documents\\vsco
deworkspace\\bREadbeats-master\\.venv\\Lib\\site-packages\\PyInstaller\\hooks'
48136 INFO: hook-matplotlib.backends.qt_compat: selected 'PyQt6' as Qt 
bindings because hook for 'PyQt6' has been run before.
48217 INFO: Processing standard module hook 'hook-xml.dom.domreg.py' from 'C:\\
Users\\andre\\Documents\\vscodeworkspace\\bREadbeats-master\\.venv\\Lib\\site-p
ackages\\PyInstaller\\hooks'
49837 INFO: Processing standard module hook 'hook-sounddevice.py' from 'C:\\Use
rs\\andre\\Documents\\vscodeworkspace\\bREadbeats-master\\.venv\\Lib\\site-pack
ages\\_pyinstaller_hooks_contrib\\stdhooks'
49848 INFO: Analyzing hidden import 'fonttools'
49848 ERROR: Hidden import 'fonttools' not found
49848 INFO: Analyzing hidden import 'comtypes'
49956 INFO: Processing standard module hook 'hook-comtypes.client.py' from 'C:\
\Users\\andre\\Documents\\vscodeworkspace\\bREadbeats-master\\.venv\\Lib\\site-
packages\\_pyinstaller_hooks_contrib\\stdhooks'
50222 INFO: Analyzing hidden import 'pillow'
50223 ERROR: Hidden import 'pillow' not found
50223 INFO: Analyzing hidden import 'scipy.signal._lfilter'
50223 ERROR: Hidden import 'scipy.signal._lfilter' not found
50223 INFO: Analyzing hidden import 'PyQt6.QAxContainer'
50230 INFO: Processing standard module hook 'hook-PyQt6.QAxContainer.py' from '
C:\\Users\\andre\\Documents\\vscodeworkspace\\bREadbeats-master\\.venv\\Lib\\si
te-packages\\PyInstaller\\hooks'
50682 INFO: Analyzing hidden import 'PyQt6.QtBluetooth'
50723 INFO: Processing standard module hook 'hook-PyQt6.QtBluetooth.py' from 'C
:\\Users\\andre\\Documents\\vscodeworkspace\\bREadbeats-master\\.venv\\Lib\\sit
e-packages\\PyInstaller\\hooks'
50984 INFO: Analyzing hidden import 'PyQt6.QtDBus'
51004 INFO: Processing standard module hook 'hook-PyQt6.QtDBus.py' from 'C:\\Us
ers\\andre\\Documents\\vscodeworkspace\\bREadbeats-master\\.venv\\Lib\\site-pac
kages\\PyInstaller\\hooks'
51433 INFO: Analyzing hidden import 'PyQt6.QtDesigner'
51454 INFO: Processing standard module hook 'hook-PyQt6.QtDesigner.py' from 'C:
\\Users\\andre\\Documents\\vscodeworkspace\\bREadbeats-master\\.venv\\Lib\\site
-packages\\PyInstaller\\hooks'
52090 WARNING: QtLibraryInfo(PyQt6): could not find translations with base 
name 'designer'! These translations will not be collected.
52091 INFO: Analyzing hidden import 'PyQt6.QtHelp'
52104 INFO: Processing standard module hook 'hook-PyQt6.QtHelp.py' from 'C:\\Us
ers\\andre\\Documents\\vscodeworkspace\\bREadbeats-master\\.venv\\Lib\\site-pac
kages\\PyInstaller\\hooks'
52685 INFO: Analyzing hidden import 'PyQt6.QtMultimedia'
52740 INFO: Processing standard module hook 'hook-PyQt6.QtMultimedia.py' from '
C:\\Users\\andre\\Documents\\vscodeworkspace\\bREadbeats-master\\.venv\\Lib\\si
te-packages\\PyInstaller\\hooks'
54946 INFO: Processing standard module hook 'hook-PyQt6.QtNetwork.py' from 'C:\
\Users\\andre\\Documents\\vscodeworkspace\\bREadbeats-master\\.venv\\Lib\\site-
packages\\PyInstaller\\hooks'
57576 INFO: Analyzing hidden import 'PyQt6.QtMultimediaWidgets'
57579 INFO: Processing standard module hook 
'hook-PyQt6.QtMultimediaWidgets.py' from 'C:\\Users\\andre\\Documents\\vscodewo
rkspace\\bREadbeats-master\\.venv\\Lib\\site-packages\\PyInstaller\\hooks'
58089 INFO: Analyzing hidden import 'PyQt6.QtNfc'
58101 INFO: Processing standard module hook 'hook-PyQt6.QtNfc.py' from 'C:\\Use
rs\\andre\\Documents\\vscodeworkspace\\bREadbeats-master\\.venv\\Lib\\site-pack
ages\\PyInstaller\\hooks'
58563 INFO: Analyzing hidden import 'PyQt6.QtPdf'
58574 INFO: Processing standard module hook 'hook-PyQt6.QtPdf.py' from 'C:\\Use
rs\\andre\\Documents\\vscodeworkspace\\bREadbeats-master\\.venv\\Lib\\site-pack
ages\\PyInstaller\\hooks'
59183 INFO: Analyzing hidden import 'PyQt6.QtPdfWidgets'
59186 INFO: Processing standard module hook 'hook-PyQt6.QtPdfWidgets.py' from '
C:\\Users\\andre\\Documents\\vscodeworkspace\\bREadbeats-master\\.venv\\Lib\\si
te-packages\\PyInstaller\\hooks'
59666 INFO: Analyzing hidden import 'PyQt6.QtPositioning'
59695 INFO: Processing standard module hook 'hook-PyQt6.QtPositioning.py' from 
'C:\\Users\\andre\\Documents\\vscodeworkspace\\bREadbeats-master\\.venv\\Lib\\s
ite-packages\\PyInstaller\\hooks'
60836 INFO: Analyzing hidden import 'PyQt6.QtPrintSupport'
60850 INFO: Processing standard module hook 'hook-PyQt6.QtPrintSupport.py' 
from 'C:\\Users\\andre\\Documents\\vscodeworkspace\\bREadbeats-master\\.venv\\L
ib\\site-packages\\PyInstaller\\hooks'
61460 INFO: Analyzing hidden import 'PyQt6.QtQml'
61505 INFO: Processing standard module hook 'hook-PyQt6.QtQml.py' from 'C:\\Use
rs\\andre\\Documents\\vscodeworkspace\\bREadbeats-master\\.venv\\Lib\\site-pack
ages\\PyInstaller\\hooks'
75541 INFO: Analyzing hidden import 'PyQt6.QtQuick'
75603 INFO: Processing standard module hook 'hook-PyQt6.QtQuick.py' from 'C:\\U
sers\\andre\\Documents\\vscodeworkspace\\bREadbeats-master\\.venv\\Lib\\site-pa
ckages\\PyInstaller\\hooks'
76457 INFO: Analyzing hidden import 'PyQt6.QtQuick3D'
76464 INFO: Processing standard module hook 'hook-PyQt6.QtQuick3D.py' from 'C:\
\Users\\andre\\Documents\\vscodeworkspace\\bREadbeats-master\\.venv\\Lib\\site-
packages\\PyInstaller\\hooks'
77105 INFO: Analyzing hidden import 'PyQt6.QtQuickWidgets'
77111 INFO: Processing standard module hook 'hook-PyQt6.QtQuickWidgets.py' 
from 'C:\\Users\\andre\\Documents\\vscodeworkspace\\bREadbeats-master\\.venv\\L
ib\\site-packages\\PyInstaller\\hooks'
77705 INFO: Analyzing hidden import 'PyQt6.QtRemoteObjects'
77714 INFO: Processing standard module hook 'hook-PyQt6.QtRemoteObjects.py' 
from 'C:\\Users\\andre\\Documents\\vscodeworkspace\\bREadbeats-master\\.venv\\L
ib\\site-packages\\PyInstaller\\hooks'
78172 INFO: Analyzing hidden import 'PyQt6.QtSensors'
78192 INFO: Processing standard module hook 'hook-PyQt6.QtSensors.py' from 'C:\
\Users\\andre\\Documents\\vscodeworkspace\\bREadbeats-master\\.venv\\Lib\\site-
packages\\PyInstaller\\hooks'
78943 INFO: Analyzing hidden import 'PyQt6.QtSerialPort'
78949 INFO: Processing standard module hook 'hook-PyQt6.QtSerialPort.py' from '
C:\\Users\\andre\\Documents\\vscodeworkspace\\bREadbeats-master\\.venv\\Lib\\si
te-packages\\PyInstaller\\hooks'
79439 INFO: Analyzing hidden import 'PyQt6.QtSpatialAudio'
79449 INFO: Processing standard module hook 'hook-PyQt6.QtSpatialAudio.py' 
from 'C:\\Users\\andre\\Documents\\vscodeworkspace\\bREadbeats-master\\.venv\\L
ib\\site-packages\\PyInstaller\\hooks'
79960 INFO: Analyzing hidden import 'PyQt6.QtSql'
79992 INFO: Processing standard module hook 'hook-PyQt6.QtSql.py' from 'C:\\Use
rs\\andre\\Documents\\vscodeworkspace\\bREadbeats-master\\.venv\\Lib\\site-pack
ages\\PyInstaller\\hooks'
81579 INFO: Analyzing hidden import 'PyQt6.QtStateMachine'
81592 INFO: Processing standard module hook 'hook-PyQt6.QtStateMachine.py' 
from 'C:\\Users\\andre\\Documents\\vscodeworkspace\\bREadbeats-master\\.venv\\L
ib\\site-packages\\PyInstaller\\hooks'
81839 INFO: Analyzing hidden import 'PyQt6.QtSvgWidgets'
81843 INFO: Processing standard module hook 'hook-PyQt6.QtSvgWidgets.py' from '
C:\\Users\\andre\\Documents\\vscodeworkspace\\bREadbeats-master\\.venv\\Lib\\si
te-packages\\PyInstaller\\hooks'
82348 INFO: Analyzing hidden import 'PyQt6.QtTextToSpeech'
82352 INFO: Processing standard module hook 'hook-PyQt6.QtTextToSpeech.py' 
from 'C:\\Users\\andre\\Documents\\vscodeworkspace\\bREadbeats-master\\.venv\\L
ib\\site-packages\\PyInstaller\\hooks'
83454 INFO: Analyzing hidden import 'PyQt6.QtWebChannel'
83457 INFO: Processing standard module hook 'hook-PyQt6.QtWebChannel.py' from '
C:\\Users\\andre\\Documents\\vscodeworkspace\\bREadbeats-master\\.venv\\Lib\\si
te-packages\\PyInstaller\\hooks'
83924 INFO: Analyzing hidden import 'PyQt6.QtWebSockets'
83933 INFO: Processing standard module hook 'hook-PyQt6.QtWebSockets.py' from '
C:\\Users\\andre\\Documents\\vscodeworkspace\\bREadbeats-master\\.venv\\Lib\\si
te-packages\\PyInstaller\\hooks'
84365 INFO: Analyzing hidden import 'PyQt6.QtXml'
84384 INFO: Processing standard module hook 'hook-PyQt6.QtXml.py' from 'C:\\Use
rs\\andre\\Documents\\vscodeworkspace\\bREadbeats-master\\.venv\\Lib\\site-pack
ages\\PyInstaller\\hooks'
84816 INFO: Analyzing hidden import 'PyQt6.lupdate'
84838 INFO: Analyzing hidden import 'PyQt6.lupdate.pylupdate'
84841 INFO: Analyzing hidden import 'PyQt6.uic.pyuic'
84845 INFO: Analyzing hidden import 'matplotlib._animation_data'
84845 INFO: Analyzing hidden import 'matplotlib._internal_utils'
84847 INFO: Analyzing hidden import 'matplotlib._type1font'
84866 INFO: Analyzing hidden import 'matplotlib.animation'
84898 INFO: Analyzing hidden import 'matplotlib.backends._backend_gtk'
84907 INFO: Analyzing hidden import 'matplotlib.backends._backend_pdf_ps'
87177 INFO: Analyzing hidden import 'matplotlib.backends._backend_tk'
87204 INFO: Processing pre-find-module-path hook 'hook-tkinter.py' from 'C:\\Us
ers\\andre\\Documents\\vscodeworkspace\\bREadbeats-master\\.venv\\Lib\\site-pac
kages\\PyInstaller\\hooks\\pre_find_module_path'
87205 INFO: TclTkInfo: initializing cached Tcl/Tk info...
87635 INFO: Processing standard module hook 'hook-_tkinter.py' from 'C:\\Users\
\andre\\Documents\\vscodeworkspace\\bREadbeats-master\\.venv\\Lib\\site-package
s\\PyInstaller\\hooks'
87682 INFO: Analyzing hidden import 'matplotlib.backends.backend_cairo'
87698 INFO: Analyzing hidden import 'matplotlib.backends.backend_gtk3'
87715 INFO: Analyzing hidden import 'matplotlib.backends.backend_gtk3agg'
87718 INFO: Analyzing hidden import 'matplotlib.backends.backend_gtk3cairo'
87719 INFO: Analyzing hidden import 'matplotlib.backends.backend_gtk4'
87738 INFO: Analyzing hidden import 'matplotlib.backends.backend_gtk4agg'
87740 INFO: Analyzing hidden import 'matplotlib.backends.backend_gtk4cairo'
87742 INFO: Analyzing hidden import 'matplotlib.backends.backend_macosx'
87748 INFO: Analyzing hidden import 'matplotlib.backends.backend_mixed'
87750 INFO: Analyzing hidden import 'matplotlib.backends.backend_nbagg'
87758 INFO: Analyzing hidden import 'matplotlib.backends.backend_pdf'
87884 INFO: Analyzing hidden import 'matplotlib.backends.backend_pgf'
87908 INFO: Analyzing hidden import 'matplotlib.backends.backend_ps'
87942 INFO: Analyzing hidden import 'matplotlib.backends.backend_qt5'
87943 INFO: Analyzing hidden import 'matplotlib.backends.backend_qt5agg'
87944 INFO: Analyzing hidden import 'matplotlib.backends.backend_qt5cairo'
87946 INFO: Processing standard module hook 
'hook-matplotlib.backends.backend_qtcairo.py' from 'C:\\Users\\andre\\Documents
\\vscodeworkspace\\bREadbeats-master\\.venv\\Lib\\site-packages\\PyInstaller\\h
ooks'
87947 INFO: Analyzing hidden import 'matplotlib.backends.backend_svg'
87982 INFO: Analyzing hidden import 'matplotlib.backends.backend_template'
87984 INFO: Analyzing hidden import 'matplotlib.backends.backend_tkagg'
87985 INFO: Analyzing hidden import 'matplotlib.backends.backend_tkcairo'
87987 INFO: Analyzing hidden import 'matplotlib.backends.backend_wx'
88025 INFO: Analyzing hidden import 'matplotlib.backends.backend_wxagg'
88027 INFO: Analyzing hidden import 'matplotlib.backends.backend_wxcairo'
88028 INFO: Analyzing hidden import 'matplotlib.pylab'
88030 INFO: Analyzing hidden import 'matplotlib.sankey'
88049 INFO: Analyzing hidden import 'matplotlib.sphinxext'
88049 INFO: Analyzing hidden import 'matplotlib.sphinxext.figmpl_directive'
88056 INFO: Analyzing hidden import 'matplotlib.sphinxext.mathmpl'
88062 INFO: Analyzing hidden import 'matplotlib.sphinxext.plot_directive'
88079 INFO: Analyzing hidden import 'matplotlib.sphinxext.roles'
88082 INFO: Analyzing hidden import 'matplotlib.testing'
88086 INFO: Analyzing hidden import 'matplotlib.testing._markers'
88100 INFO: Analyzing hidden import 'matplotlib.testing.conftest'
88115 INFO: Analyzing hidden import 'matplotlib.testing.jpl_units'
88133 INFO: Analyzing hidden import 'matplotlib.testing.widgets'
88232 INFO: Processing module hooks (post-graph stage)...
88240 WARNING: Hidden import "pycparser.lextab" not found!
88240 WARNING: Hidden import "pycparser.yacctab" not found!
88409 INFO: Processing standard module hook 'hook-matplotlib.backends.py' from 
'C:\\Users\\andre\\Documents\\vscodeworkspace\\bREadbeats-master\\.venv\\Lib\\s
ite-packages\\PyInstaller\\hooks'
88409 INFO: Matplotlib backend selection method: automatic discovery of used 
backends
88847 INFO: Trying determine the default backend as first importable candidate 
from the list: ['QtAgg', 'Qt5Agg', 'Gtk4Agg', 'Gtk3Agg', 'TkAgg', 'WxAgg']
89426 INFO: Selected matplotlib backends: ['QtAgg']
89688 INFO: Processing standard module hook 'hook-PIL.SpiderImagePlugin.py' 
from 'C:\\Users\\andre\\Documents\\vscodeworkspace\\bREadbeats-master\\.venv\\L
ib\\site-packages\\PyInstaller\\hooks'
89731 INFO: Processing pre-safe-import-module hook 'hook-win32com.py' from 'C:\
\Users\\andre\\Documents\\vscodeworkspace\\bREadbeats-master\\.venv\\Lib\\site-
packages\\_pyinstaller_hooks_contrib\\pre_safe_import_module'
90351 WARNING: Hidden import "scipy.special._cdflib" not found!
90417 INFO: Processing standard module hook 
'hook-setuptools._vendor.importlib_metadata.py' from 'C:\\Users\\andre\\Documen
ts\\vscodeworkspace\\bREadbeats-master\\.venv\\Lib\\site-packages\\PyInstaller\
\hooks'
90553 INFO: Processing standard module hook 
'hook-setuptools._vendor.jaraco.text.py' from 'C:\\Users\\andre\\Documents\\vsc
odeworkspace\\bREadbeats-master\\.venv\\Lib\\site-packages\\PyInstaller\\hooks'
91384 INFO: Processing standard module hook 'hook-_tkinter.py' from 'C:\\Users\
\andre\\Documents\\vscodeworkspace\\bREadbeats-master\\.venv\\Lib\\site-package
s\\PyInstaller\\hooks'
91448 INFO: Performing binary vs. data reclassification (5005 entries)
92329 INFO: Looking for ctypes DLLs
92822 INFO: Analyzing run-time hooks ...
92830 INFO: Including run-time hook 'pyi_rth_inspect.py' from 'C:\\Users\\andre
\\Documents\\vscodeworkspace\\bREadbeats-master\\.venv\\Lib\\site-packages\\PyI
nstaller\\hooks\\rthooks'
92832 INFO: Including run-time hook 'pyi_rth_pkgutil.py' from 'C:\\Users\\andre
\\Documents\\vscodeworkspace\\bREadbeats-master\\.venv\\Lib\\site-packages\\PyI
nstaller\\hooks\\rthooks'
92835 INFO: Including run-time hook 'pyi_rth_multiprocessing.py' from 'C:\\User
s\\andre\\Documents\\vscodeworkspace\\bREadbeats-master\\.venv\\Lib\\site-packa
ges\\PyInstaller\\hooks\\rthooks'
92836 INFO: Including run-time hook 'pyi_rth__tkinter.py' from 'C:\\Users\\andr
e\\Documents\\vscodeworkspace\\bREadbeats-master\\.venv\\Lib\\site-packages\\Py
Installer\\hooks\\rthooks'
92838 INFO: Including run-time hook 'pyi_rth_setuptools.py' from 'C:\\Users\\an
dre\\Documents\\vscodeworkspace\\bREadbeats-master\\.venv\\Lib\\site-packages\\
PyInstaller\\hooks\\rthooks'
92839 INFO: Including run-time hook 'pyi_rth_pkgres.py' from 'C:\\Users\\andre\
\Documents\\vscodeworkspace\\bREadbeats-master\\.venv\\Lib\\site-packages\\PyIn
staller\\hooks\\rthooks'
92844 INFO: Including run-time hook 'pyi_rth_pyqt6.py' from 'C:\\Users\\andre\\
Documents\\vscodeworkspace\\bREadbeats-master\\.venv\\Lib\\site-packages\\PyIns
taller\\hooks\\rthooks'
92845 INFO: Processing pre-find-module-path hook 'hook-_pyi_rth_utils.py' from 
'C:\\Users\\andre\\Documents\\vscodeworkspace\\bREadbeats-master\\.venv\\Lib\\s
ite-packages\\PyInstaller\\hooks\\pre_find_module_path'
92847 INFO: Processing standard module hook 'hook-_pyi_rth_utils.py' from 'C:\\
Users\\andre\\Documents\\vscodeworkspace\\bREadbeats-master\\.venv\\Lib\\site-p
ackages\\PyInstaller\\hooks'
92850 INFO: Including run-time hook 'pyi_rth_mplconfig.py' from 'C:\\Users\\and
re\\Documents\\vscodeworkspace\\bREadbeats-master\\.venv\\Lib\\site-packages\\P
yInstaller\\hooks\\rthooks'
92859 INFO: Including run-time hook 'pyi_rth_pyqtgraph_multiprocess.py' from 'C
:\\Users\\andre\\Documents\\vscodeworkspace\\bREadbeats-master\\.venv\\Lib\\sit
e-packages\\_pyinstaller_hooks_contrib\\rthooks'
93056 INFO: Creating base_library.zip...
93077 INFO: Looking for dynamic libraries
95864 INFO: Extra DLL search directories (AddDllDirectory): ['C:\\Users\\andre\
\Documents\\vscodeworkspace\\bREadbeats-master\\.venv\\Lib\\site-packages\\PyQt
6\\Qt6\\bin', 'C:\\Users\\andre\\Documents\\vscodeworkspace\\bREadbeats-master\
\.venv\\Lib\\site-packages\\numpy.libs', 'C:\\Users\\andre\\Documents\\vscodewo
rkspace\\bREadbeats-master\\.venv\\Lib\\site-packages\\scipy.libs']
95864 INFO: Extra DLL search directories (PATH): ['C:\\Users\\andre\\Documents\
\vscodeworkspace\\bREadbeats-master\\.venv\\Lib\\site-packages\\PyQt6\\Qt6\\bin
']
101058 WARNING: Library not found: could not resolve 'Qt63DCore.dll', 
dependency of 'C:\\Users\\andre\\Documents\\vscodeworkspace\\bREadbeats-master\
\.venv\\Lib\\site-packages\\PyQt6\\Qt6\\plugins\\geometryloaders\\defaultgeomet
ryloader.dll'.
101060 WARNING: Library not found: could not resolve 'Qt63DRender.dll', 
dependency of 'C:\\Users\\andre\\Documents\\vscodeworkspace\\bREadbeats-master\
\.venv\\Lib\\site-packages\\PyQt6\\Qt6\\plugins\\geometryloaders\\defaultgeomet
ryloader.dll'.
101060 WARNING: Library not found: could not resolve 'Qt63DCore.dll', 
dependency of 'C:\\Users\\andre\\Documents\\vscodeworkspace\\bREadbeats-master\
\.venv\\Lib\\site-packages\\PyQt6\\Qt6\\plugins\\geometryloaders\\gltfgeometryl
oader.dll'.
101061 WARNING: Library not found: could not resolve 'Qt63DRender.dll', 
dependency of 'C:\\Users\\andre\\Documents\\vscodeworkspace\\bREadbeats-master\
\.venv\\Lib\\site-packages\\PyQt6\\Qt6\\plugins\\geometryloaders\\gltfgeometryl
oader.dll'.
101099 WARNING: Library not found: could not resolve 'Qt6QmlCompiler.dll', 
dependency of 'C:\\Users\\andre\\Documents\\vscodeworkspace\\bREadbeats-master\
\.venv\\Lib\\site-packages\\PyQt6\\Qt6\\plugins\\qmllint\\qdslintplugin.dll'.
101100 WARNING: Library not found: could not resolve 'Qt6QmlCompiler.dll', 
dependency of 'C:\\Users\\andre\\Documents\\vscodeworkspace\\bREadbeats-master\
\.venv\\Lib\\site-packages\\PyQt6\\Qt6\\plugins\\qmllint\\quicklintplugin.dll'.
101102 WARNING: Library not found: could not resolve 'Qt6QmlCompiler.dll', 
dependency of 'C:\\Users\\andre\\Documents\\vscodeworkspace\\bREadbeats-master\
\.venv\\Lib\\site-packages\\PyQt6\\Qt6\\plugins\\qmlls\\qmllsquickplugin.dll'.
101103 WARNING: Library not found: could not resolve 'Qt63DCore.dll', 
dependency of 'C:\\Users\\andre\\Documents\\vscodeworkspace\\bREadbeats-master\
\.venv\\Lib\\site-packages\\PyQt6\\Qt6\\plugins\\renderers\\openglrenderer.dll'
.
101105 WARNING: Library not found: could not resolve 'Qt63DRender.dll', 
dependency of 'C:\\Users\\andre\\Documents\\vscodeworkspace\\bREadbeats-master\
\.venv\\Lib\\site-packages\\PyQt6\\Qt6\\plugins\\renderers\\openglrenderer.dll'
.
101106 WARNING: Library not found: could not resolve 'Qt63DCore.dll', 
dependency of 'C:\\Users\\andre\\Documents\\vscodeworkspace\\bREadbeats-master\
\.venv\\Lib\\site-packages\\PyQt6\\Qt6\\plugins\\renderers\\rhirenderer.dll'.
101107 WARNING: Library not found: could not resolve 'Qt63DRender.dll', 
dependency of 'C:\\Users\\andre\\Documents\\vscodeworkspace\\bREadbeats-master\
\.venv\\Lib\\site-packages\\PyQt6\\Qt6\\plugins\\renderers\\rhirenderer.dll'.
101109 WARNING: Library not found: could not resolve 'Qt63DCore.dll', 
dependency of 'C:\\Users\\andre\\Documents\\vscodeworkspace\\bREadbeats-master\
\.venv\\Lib\\site-packages\\PyQt6\\Qt6\\plugins\\sceneparsers\\assimpsceneimpor
t.dll'.
101111 WARNING: Library not found: could not resolve 'Qt63DRender.dll', 
dependency of 'C:\\Users\\andre\\Documents\\vscodeworkspace\\bREadbeats-master\
\.venv\\Lib\\site-packages\\PyQt6\\Qt6\\plugins\\sceneparsers\\assimpsceneimpor
t.dll'.
101112 WARNING: Library not found: could not resolve 'Qt63DExtras.dll', 
dependency of 'C:\\Users\\andre\\Documents\\vscodeworkspace\\bREadbeats-master\
\.venv\\Lib\\site-packages\\PyQt6\\Qt6\\plugins\\sceneparsers\\assimpsceneimpor
t.dll'.
101112 WARNING: Library not found: could not resolve 'Qt63DAnimation.dll', 
dependency of 'C:\\Users\\andre\\Documents\\vscodeworkspace\\bREadbeats-master\
\.venv\\Lib\\site-packages\\PyQt6\\Qt6\\plugins\\sceneparsers\\assimpsceneimpor
t.dll'.
101113 WARNING: Library not found: could not resolve 'Qt63DCore.dll', 
dependency of 'C:\\Users\\andre\\Documents\\vscodeworkspace\\bREadbeats-master\
\.venv\\Lib\\site-packages\\PyQt6\\Qt6\\plugins\\sceneparsers\\gltfsceneexport.
dll'.
101114 WARNING: Library not found: could not resolve 'Qt63DExtras.dll', 
dependency of 'C:\\Users\\andre\\Documents\\vscodeworkspace\\bREadbeats-master\
\.venv\\Lib\\site-packages\\PyQt6\\Qt6\\plugins\\sceneparsers\\gltfsceneexport.
dll'.
101114 WARNING: Library not found: could not resolve 'Qt63DRender.dll', 
dependency of 'C:\\Users\\andre\\Documents\\vscodeworkspace\\bREadbeats-master\
\.venv\\Lib\\site-packages\\PyQt6\\Qt6\\plugins\\sceneparsers\\gltfsceneexport.
dll'.
101115 WARNING: Library not found: could not resolve 'Qt63DCore.dll', 
dependency of 'C:\\Users\\andre\\Documents\\vscodeworkspace\\bREadbeats-master\
\.venv\\Lib\\site-packages\\PyQt6\\Qt6\\plugins\\sceneparsers\\gltfsceneimport.
dll'.
101116 WARNING: Library not found: could not resolve 'Qt63DExtras.dll', 
dependency of 'C:\\Users\\andre\\Documents\\vscodeworkspace\\bREadbeats-master\
\.venv\\Lib\\site-packages\\PyQt6\\Qt6\\plugins\\sceneparsers\\gltfsceneimport.
dll'.
101116 WARNING: Library not found: could not resolve 'Qt63DRender.dll', 
dependency of 'C:\\Users\\andre\\Documents\\vscodeworkspace\\bREadbeats-master\
\.venv\\Lib\\site-packages\\PyQt6\\Qt6\\plugins\\sceneparsers\\gltfsceneimport.
dll'.
101117 WARNING: Library not found: could not resolve 'Qt6Scxml.dll', 
dependency of 'C:\\Users\\andre\\Documents\\vscodeworkspace\\bREadbeats-master\
\.venv\\Lib\\site-packages\\PyQt6\\Qt6\\plugins\\scxmldatamodel\\qscxmlecmascri
ptdatamodel.dll'.
101122 WARNING: Library not found: could not resolve 'fbclient.dll', 
dependency of 'C:\\Users\\andre\\Documents\\vscodeworkspace\\bREadbeats-master\
\.venv\\Lib\\site-packages\\PyQt6\\Qt6\\plugins\\sqldrivers\\qsqlibase.dll'.
101127 WARNING: Library not found: could not resolve 'MIMAPI64.dll', 
dependency of 'C:\\Users\\andre\\Documents\\vscodeworkspace\\bREadbeats-master\
\.venv\\Lib\\site-packages\\PyQt6\\Qt6\\plugins\\sqldrivers\\qsqlmimer.dll'.
101129 WARNING: Library not found: could not resolve 'OCI.dll', dependency of '
C:\\Users\\andre\\Documents\\vscodeworkspace\\bREadbeats-master\\.venv\\Lib\\si
te-packages\\PyQt6\\Qt6\\plugins\\sqldrivers\\qsqloci.dll'.
101132 WARNING: Library not found: could not resolve 'LIBPQ.dll', dependency 
of 'C:\\Users\\andre\\Documents\\vscodeworkspace\\bREadbeats-master\\.venv\\Lib
\\site-packages\\PyQt6\\Qt6\\plugins\\sqldrivers\\qsqlpsql.dll'.
101141 WARNING: Library not found: could not resolve 'Qt6WebView.dll', 
dependency of 'C:\\Users\\andre\\Documents\\vscodeworkspace\\bREadbeats-master\
\.venv\\Lib\\site-packages\\PyQt6\\Qt6\\plugins\\webview\\qtwebview_webengine.d
ll'.
101142 WARNING: Library not found: could not resolve 'Qt6WebViewQuick.dll', 
dependency of 'C:\\Users\\andre\\Documents\\vscodeworkspace\\bREadbeats-master\
\.venv\\Lib\\site-packages\\PyQt6\\Qt6\\plugins\\webview\\qtwebview_webengine.d
ll'.
101143 WARNING: Library not found: could not resolve 'Qt6WebEngineCore.dll', 
dependency of 'C:\\Users\\andre\\Documents\\vscodeworkspace\\bREadbeats-master\
\.venv\\Lib\\site-packages\\PyQt6\\Qt6\\plugins\\webview\\qtwebview_webengine.d
ll'.
101143 WARNING: Library not found: could not resolve 'Qt6WebEngineQuick.dll', 
dependency of 'C:\\Users\\andre\\Documents\\vscodeworkspace\\bREadbeats-master\
\.venv\\Lib\\site-packages\\PyQt6\\Qt6\\plugins\\webview\\qtwebview_webengine.d
ll'.
101144 WARNING: Library not found: could not resolve 'Qt6WebView.dll', 
dependency of 'C:\\Users\\andre\\Documents\\vscodeworkspace\\bREadbeats-master\
\.venv\\Lib\\site-packages\\PyQt6\\Qt6\\plugins\\webview\\qtwebview_webview2.dl
l'.
101146 WARNING: Library not found: could not resolve 'Qt6QmlCore.dll', 
dependency of 'C:\\Users\\andre\\Documents\\vscodeworkspace\\bREadbeats-master\
\.venv\\Lib\\site-packages\\PyQt6\\Qt6\\qml\\QtCore\\qtqmlcoreplugin.dll'.
101148 WARNING: Library not found: could not resolve 'Qt6QmlNetwork.dll', 
dependency of 'C:\\Users\\andre\\Documents\\vscodeworkspace\\bREadbeats-master\
\.venv\\Lib\\site-packages\\PyQt6\\Qt6\\qml\\QtNetwork\\qmlnetworkplugin.dll'.
101152 WARNING: Library not found: could not resolve 'Qt6QmlXmlListModel.dll', 
dependency of 'C:\\Users\\andre\\Documents\\vscodeworkspace\\bREadbeats-master\
\.venv\\Lib\\site-packages\\PyQt6\\Qt6\\qml\\QtQml\\XmlListModel\\qmlxmllistmod
elplugin.dll'.
101158 WARNING: Library not found: could not resolve 
'Qt6Quick3DParticleEffects.dll', dependency of 'C:\\Users\\andre\\Documents\\vs
codeworkspace\\bREadbeats-master\\.venv\\Lib\\site-packages\\PyQt6\\Qt6\\qml\\Q
tQuick3D\\ParticleEffects\\qtquick3dparticleeffectsplugin.dll'.
101167 WARNING: Library not found: could not resolve 
'Qt6QuickControls2FluentWinUI3StyleImpl.dll', dependency of 'C:\\Users\\andre\\
Documents\\vscodeworkspace\\bREadbeats-master\\.venv\\Lib\\site-packages\\PyQt6
\\Qt6\\qml\\QtQuick\\Controls\\FluentWinUI3\\impl\\qtquickcontrols2fluentwinui3
styleimplplugin.dll'.
101168 WARNING: Library not found: could not resolve 
'Qt6QuickControls2FluentWinUI3StyleImpl.dll', dependency of 'C:\\Users\\andre\\
Documents\\vscodeworkspace\\bREadbeats-master\\.venv\\Lib\\site-packages\\PyQt6
\\Qt6\\qml\\QtQuick\\Controls\\FluentWinUI3\\qtquickcontrols2fluentwinui3stylep
lugin.dll'.
101176 WARNING: Library not found: could not resolve 
'Qt6QuickControls2WindowsStyleImpl.dll', dependency of 'C:\\Users\\andre\\Docum
ents\\vscodeworkspace\\bREadbeats-master\\.venv\\Lib\\site-packages\\PyQt6\\Qt6
\\qml\\QtQuick\\Controls\\Windows\\impl\\qtquickcontrols2windowsstyleimplplugin
.dll'.
101184 WARNING: Library not found: could not resolve 'Qt6QmlLocalStorage.dll', 
dependency of 'C:\\Users\\andre\\Documents\\vscodeworkspace\\bREadbeats-master\
\.venv\\Lib\\site-packages\\PyQt6\\Qt6\\qml\\QtQuick\\LocalStorage\\qmllocalsto
rageplugin.dll'.
101187 WARNING: Library not found: could not resolve 'Qt63DQuickScene2D.dll', 
dependency of 'C:\\Users\\andre\\Documents\\vscodeworkspace\\bREadbeats-master\
\.venv\\Lib\\site-packages\\PyQt6\\Qt6\\qml\\QtQuick\\Scene2D\\qtquickscene2dpl
ugin.dll'.
101189 WARNING: Library not found: could not resolve 'Qt63DQuickScene3D.dll', 
dependency of 'C:\\Users\\andre\\Documents\\vscodeworkspace\\bREadbeats-master\
\.venv\\Lib\\site-packages\\PyQt6\\Qt6\\qml\\QtQuick\\Scene3D\\qtquickscene3dpl
ugin.dll'.
101191 WARNING: Library not found: could not resolve 
'Qt6QuickShapesDesignHelpers.dll', dependency of 'C:\\Users\\andre\\Documents\\
vscodeworkspace\\bREadbeats-master\\.venv\\Lib\\site-packages\\PyQt6\\Qt6\\qml\
\QtQuick\\Shapes\\DesignHelpers\\qtquickshapesdesignhelpersplugin.dll'.
101195 WARNING: Library not found: could not resolve 
'Qt6QuickVectorImageHelpers.dll', dependency of 'C:\\Users\\andre\\Documents\\v
scodeworkspace\\bREadbeats-master\\.venv\\Lib\\site-packages\\PyQt6\\Qt6\\qml\\
QtQuick\\VectorImage\\Helpers\\qquickvectorimagehelpersplugin.dll'.
102050 INFO: Warnings written to C:\Users\andre\Documents\vscodeworkspace\bREad
beats-master\build\bREadbeats\warn-bREadbeats.txt
102251 INFO: Graph cross-reference written to C:\Users\andre\Documents\vscodewo
rkspace\bREadbeats-master\build\bREadbeats\xref-bREadbeats.html
102534 INFO: checking PYZ
102534 INFO: Building PYZ because PYZ-00.toc is non existent
102534 INFO: Building PYZ (ZlibArchive) C:\Users\andre\Documents\vscodeworkspac
e\bREadbeats-master\build\bREadbeats\PYZ-00.pyz
104172 INFO: Building PYZ (ZlibArchive) C:\Users\andre\Documents\vscodeworkspac
e\bREadbeats-master\build\bREadbeats\PYZ-00.pyz completed successfully.
104333 INFO: checking PKG
104333 INFO: Building PKG because PKG-00.toc is non existent
104333 INFO: Building PKG (CArchive) bREadbeats.pkg
142005 INFO: Building PKG (CArchive) bREadbeats.pkg completed successfully.
142124 INFO: Bootloader C:\Users\andre\Documents\vscodeworkspace\bREadbeats-mas
ter\.venv\Lib\site-packages\PyInstaller\bootloader\Windows-64bit-intel\run.exe
142125 INFO: checking EXE
142125 INFO: Building EXE because EXE-00.toc is non existent
142125 INFO: Building EXE from EXE-00.toc
142136 INFO: Copying bootloader EXE to 
C:\Users\andre\Documents\vscodeworkspace\bREadbeats-master\dist\bREadbeats.exe
142179 INFO: Copying icon to EXE
142186 INFO: Copying 0 resources to EXE
142186 INFO: Embedding manifest in EXE
142193 INFO: Appending PKG archive to EXE
142295 INFO: Fixing EXE headers
144295 INFO: Building EXE from EXE-00.toc completed successfully.
144418 INFO: Build complete! The results are available in: 
C:\Users\andre\Documents\vscodeworkspace\bREadbeats-master\dist
